// Jest Snapshot v1, https://goo.gl/fbAQLP

exports[`AppComponent should match snapshot 1`] = `
<app-root
  title={[Function String]}
>
  <div
    class="main-container"
  >
    <div
      class="content-container"
    >
      <div
        class="content-area"
      >
        <app-issue-list />
      </div>
    </div>
  </div>
</app-root>
`;
