// Jest Snapshot v1, https://goo.gl/fbAQLP

exports[`ConfirmDialogComponent should match snapshot 1`] = `
<app-confirm-dialog
  confirm={[Function EventEmitter_]}
  issueNumber="undefined"
>
  <clr-modal>
    <h3
      class="modal-title"
    >
       Resolve Issue  
    </h3>
    <div
      class="modal-body"
    >
      <p>
        Are you sure you want to close the issue?
      </p>
    </div>
    <div
      class="modal-footer"
    >
      <button
        class="btn btn-outline"
        type="button"
      >
        Cancel
      </button>
      <button
        class="btn btn-danger"
        type="button"
      >
        Yes, continue
      </button>
    </div>
  </clr-modal>
</app-confirm-dialog>
`;
